// Vitest Snapshot v1, https://vitest.dev/guide/snapshot.html

exports[`<DataGrid /> > should render correctly 1`] = `
<div>
  <div
    class="_dataGrid_6965d8"
  >
    <div
      class="_header_b336b1"
    >
      <div
        aria-hidden="false"
        class="_headerCell_36693c"
        draggable="true"
        id="id"
        role="gridcell"
        tabindex="0"
      >
        <div
          class="_headerCellContent_36693c"
        >
          <div
            class="_headerText_36693c"
          >
            Id
          </div>
          <i
            class="_gripIcon_36693c"
          >
            <svg
              aria-hidden="true"
              fill="currentColor"
              viewBox="0 0 12 16"
            >
              <circle
                cx="4"
                cy="3"
                r="1.2"
              />
              <circle
                cx="8"
                cy="3"
                r="1.2"
              />
              <circle
                cx="4"
                cy="8"
                r="1.2"
              />
              <circle
                cx="8"
                cy="8"
                r="1.2"
              />
              <circle
                cx="4"
                cy="13"
                r="1.2"
              />
              <circle
                cx="8"
                cy="13"
                r="1.2"
              />
            </svg>
          </i>
        </div>
        <div
          aria-label="Resize column"
          aria-orientation="vertical"
          class="_resizeHandle_36693c"
          role="separator"
        >
          <div
            class="_line_36693c"
          />
        </div>
      </div>
      <div
        aria-hidden="false"
        class="_headerCell_36693c"
        draggable="true"
        id="name"
        role="gridcell"
        tabindex="0"
      >
        <div
          class="_headerCellContent_36693c"
        >
          <div
            class="_headerText_36693c"
          >
            Name
          </div>
          <i
            class="_gripIcon_36693c"
          >
            <svg
              aria-hidden="true"
              fill="currentColor"
              viewBox="0 0 12 16"
            >
              <circle
                cx="4"
                cy="3"
                r="1.2"
              />
              <circle
                cx="8"
                cy="3"
                r="1.2"
              />
              <circle
                cx="4"
                cy="8"
                r="1.2"
              />
              <circle
                cx="8"
                cy="8"
                r="1.2"
              />
              <circle
                cx="4"
                cy="13"
                r="1.2"
              />
              <circle
                cx="8"
                cy="13"
                r="1.2"
              />
            </svg>
          </i>
        </div>
        <div
          aria-label="Resize column"
          aria-orientation="vertical"
          class="_resizeHandle_36693c"
          role="separator"
        >
          <div
            class="_line_36693c"
          />
        </div>
      </div>
      <div
        aria-hidden="false"
        class="_headerCell_36693c"
        draggable="true"
        id="status"
        role="gridcell"
        tabindex="0"
      >
        <div
          class="_headerCellContent_36693c"
        >
          <div
            class="_headerText_36693c"
          >
            Status
          </div>
          <i
            class="_gripIcon_36693c"
          >
            <svg
              aria-hidden="true"
              fill="currentColor"
              viewBox="0 0 12 16"
            >
              <circle
                cx="4"
                cy="3"
                r="1.2"
              />
              <circle
                cx="8"
                cy="3"
                r="1.2"
              />
              <circle
                cx="4"
                cy="8"
                r="1.2"
              />
              <circle
                cx="8"
                cy="8"
                r="1.2"
              />
              <circle
                cx="4"
                cy="13"
                r="1.2"
              />
              <circle
                cx="8"
                cy="13"
                r="1.2"
              />
            </svg>
          </i>
        </div>
        <div
          aria-label="Resize column"
          aria-orientation="vertical"
          class="_resizeHandle_36693c"
          role="separator"
        >
          <div
            class="_line_36693c"
          />
        </div>
      </div>
    </div>
    <div
      aria-hidden="false"
      class="_row_15bc92  "
      id="row_0"
      role="row"
      tabindex="0"
    >
      <div
        aria-hidden="false"
        class="_cell_ebcdbb"
        id="row_0_cell_0"
        role="gridcell"
        style=""
      >
        <div
          class="_cellContent_ebcdbb"
        >
          5
        </div>
      </div>
      <div
        aria-hidden="false"
        class="_cell_ebcdbb"
        id="row_0_cell_1"
        role="gridcell"
        style=""
      >
        <div
          class="_cellContent_ebcdbb"
        >
          Jack
        </div>
      </div>
      <div
        aria-hidden="false"
        class="_cell_ebcdbb _isLast_ebcdbb"
        id="row_0_cell_2"
        role="gridcell"
        style=""
      >
        <div
          class="_cellContent_ebcdbb"
        >
          active
        </div>
      </div>
    </div>
    <div
      aria-hidden="false"
      class="_row_15bc92  "
      id="row_1"
      role="row"
      tabindex="0"
    >
      <div
        aria-hidden="false"
        class="_cell_ebcdbb"
        id="row_1_cell_0"
        role="gridcell"
        style=""
      >
        <div
          class="_cellContent_ebcdbb"
        >
          4
        </div>
      </div>
      <div
        aria-hidden="false"
        class="_cell_ebcdbb"
        id="row_1_cell_1"
        role="gridcell"
        style=""
      >
        <div
          class="_cellContent_ebcdbb"
        >
          Zed
        </div>
      </div>
      <div
        aria-hidden="false"
        class="_cell_ebcdbb _isLast_ebcdbb"
        id="row_1_cell_2"
        role="gridcell"
        style=""
      >
        <div
          class="_cellContent_ebcdbb"
        >
          active
        </div>
      </div>
    </div>
    <div
      aria-hidden="false"
      class="_row_15bc92  "
      id="row_2"
      role="row"
      tabindex="0"
    >
      <div
        aria-hidden="false"
        class="_cell_ebcdbb"
        id="row_2_cell_0"
        role="gridcell"
        style=""
      >
        <div
          class="_cellContent_ebcdbb"
        >
          2
        </div>
      </div>
      <div
        aria-hidden="false"
        class="_cell_ebcdbb"
        id="row_2_cell_1"
        role="gridcell"
        style=""
      >
        <div
          class="_cellContent_ebcdbb"
        >
          Jane
        </div>
      </div>
      <div
        aria-hidden="false"
        class="_cell_ebcdbb _isLast_ebcdbb"
        id="row_2_cell_2"
        role="gridcell"
        style=""
      >
        <div
          class="_cellContent_ebcdbb"
        >
          inactive
        </div>
      </div>
    </div>
    <div
      aria-hidden="false"
      class="_row_15bc92  "
      id="row_3"
      role="row"
      tabindex="0"
    >
      <div
        aria-hidden="false"
        class="_cell_ebcdbb"
        id="row_3_cell_0"
        role="gridcell"
        style=""
      >
        <div
          class="_cellContent_ebcdbb"
        >
          3
        </div>
      </div>
      <div
        aria-hidden="false"
        class="_cell_ebcdbb"
        id="row_3_cell_1"
        role="gridcell"
        style=""
      >
        <div
          class="_cellContent_ebcdbb"
        >
          Mike
        </div>
      </div>
      <div
        aria-hidden="false"
        class="_cell_ebcdbb _isLast_ebcdbb"
        id="row_3_cell_2"
        role="gridcell"
        style=""
      >
        <div
          class="_cellContent_ebcdbb"
        >
          active
        </div>
      </div>
    </div>
    <div
      aria-hidden="false"
      class="_row_15bc92  "
      id="row_4"
      role="row"
      tabindex="0"
    >
      <div
        aria-hidden="false"
        class="_cell_ebcdbb"
        id="row_4_cell_0"
        role="gridcell"
        style=""
      >
        <div
          class="_cellContent_ebcdbb"
        >
          1
        </div>
      </div>
      <div
        aria-hidden="false"
        class="_cell_ebcdbb"
        id="row_4_cell_1"
        role="gridcell"
        style=""
      >
        <div
          class="_cellContent_ebcdbb"
        >
          Arnold
        </div>
      </div>
      <div
        aria-hidden="false"
        class="_cell_ebcdbb _isLast_ebcdbb"
        id="row_4_cell_2"
        role="gridcell"
        style=""
      >
        <div
          class="_cellContent_ebcdbb"
        >
          inactive
        </div>
      </div>
    </div>
    <div
      aria-hidden="false"
      class="_row_15bc92  "
      id="row_5"
      role="row"
      tabindex="0"
    >
      <div
        aria-hidden="false"
        class="_cell_ebcdbb"
        id="row_5_cell_0"
        role="gridcell"
        style=""
      >
        <div
          class="_cellContent_ebcdbb"
        >
          6
        </div>
      </div>
      <div
        aria-hidden="false"
        class="_cell_ebcdbb"
        id="row_5_cell_1"
        role="gridcell"
        style=""
      >
        <div
          class="_cellContent_ebcdbb"
        >
          Arnold
        </div>
      </div>
      <div
        aria-hidden="false"
        class="_cell_ebcdbb _isLast_ebcdbb"
        id="row_5_cell_2"
        role="gridcell"
        style=""
      >
        <div
          class="_cellContent_ebcdbb"
        >
          active
        </div>
      </div>
    </div>
  </div>
</div>
`;

exports[`<DataGrid /> > when data is passed > and there is a undefined value > should render without breaking 1`] = `
<div>
  <div
    class="_dataGrid_6965d8"
  >
    <div
      class="_header_b336b1"
    >
      <div
        aria-hidden="false"
        class="_headerCell_36693c"
        draggable="true"
        id="id"
        role="gridcell"
        tabindex="0"
      >
        <div
          class="_headerCellContent_36693c"
        >
          <div
            class="_headerText_36693c"
          >
            Id
          </div>
          <i
            class="_gripIcon_36693c"
          >
            <svg
              aria-hidden="true"
              fill="currentColor"
              viewBox="0 0 12 16"
            >
              <circle
                cx="4"
                cy="3"
                r="1.2"
              />
              <circle
                cx="8"
                cy="3"
                r="1.2"
              />
              <circle
                cx="4"
                cy="8"
                r="1.2"
              />
              <circle
                cx="8"
                cy="8"
                r="1.2"
              />
              <circle
                cx="4"
                cy="13"
                r="1.2"
              />
              <circle
                cx="8"
                cy="13"
                r="1.2"
              />
            </svg>
          </i>
        </div>
        <div
          aria-label="Resize column"
          aria-orientation="vertical"
          class="_resizeHandle_36693c"
          role="separator"
        >
          <div
            class="_line_36693c"
          />
        </div>
      </div>
    </div>
    <div
      aria-hidden="false"
      class="_row_15bc92  "
      id="row_0"
      role="row"
      tabindex="0"
    >
      <div
        aria-hidden="false"
        class="_cell_ebcdbb _isLast_ebcdbb"
        id="row_0_cell_0"
        role="gridcell"
        style=""
      >
        <div
          class="_cellContent_ebcdbb"
        />
      </div>
    </div>
    <div
      aria-hidden="false"
      class="_row_15bc92  "
      id="row_1"
      role="row"
      tabindex="0"
    >
      <div
        aria-hidden="false"
        class="_cell_ebcdbb _isLast_ebcdbb"
        id="row_1_cell_0"
        role="gridcell"
        style=""
      >
        <div
          class="_cellContent_ebcdbb"
        />
      </div>
    </div>
  </div>
</div>
`;

exports[`<DataGrid /> > when valid \`headers\` and \`rows\` are defined > should accept Components as formatters 1`] = `
<div>
  <div
    class="_dataGrid_6965d8"
  >
    <div
      class="_header_b336b1"
    >
      <div
        aria-hidden="false"
        class="_headerCell_36693c"
        draggable="true"
        id="id"
        role="gridcell"
        tabindex="0"
      >
        <div
          class="_headerCellContent_36693c"
        >
          <div
            class="_headerText_36693c"
          >
            Id
          </div>
          <i
            class="_gripIcon_36693c"
          >
            <svg
              aria-hidden="true"
              fill="currentColor"
              viewBox="0 0 12 16"
            >
              <circle
                cx="4"
                cy="3"
                r="1.2"
              />
              <circle
                cx="8"
                cy="3"
                r="1.2"
              />
              <circle
                cx="4"
                cy="8"
                r="1.2"
              />
              <circle
                cx="8"
                cy="8"
                r="1.2"
              />
              <circle
                cx="4"
                cy="13"
                r="1.2"
              />
              <circle
                cx="8"
                cy="13"
                r="1.2"
              />
            </svg>
          </i>
        </div>
        <div
          aria-label="Resize column"
          aria-orientation="vertical"
          class="_resizeHandle_36693c"
          role="separator"
        >
          <div
            class="_line_36693c"
          />
        </div>
      </div>
      <div
        aria-hidden="false"
        class="_headerCell_36693c"
        draggable="true"
        id="name"
        role="gridcell"
        tabindex="0"
      >
        <div
          class="_headerCellContent_36693c"
        >
          <div
            class="_headerText_36693c"
          >
            Name
          </div>
          <i
            class="_gripIcon_36693c"
          >
            <svg
              aria-hidden="true"
              fill="currentColor"
              viewBox="0 0 12 16"
            >
              <circle
                cx="4"
                cy="3"
                r="1.2"
              />
              <circle
                cx="8"
                cy="3"
                r="1.2"
              />
              <circle
                cx="4"
                cy="8"
                r="1.2"
              />
              <circle
                cx="8"
                cy="8"
                r="1.2"
              />
              <circle
                cx="4"
                cy="13"
                r="1.2"
              />
              <circle
                cx="8"
                cy="13"
                r="1.2"
              />
            </svg>
          </i>
        </div>
        <div
          aria-label="Resize column"
          aria-orientation="vertical"
          class="_resizeHandle_36693c"
          role="separator"
        >
          <div
            class="_line_36693c"
          />
        </div>
      </div>
      <div
        aria-hidden="false"
        class="_headerCell_36693c"
        draggable="true"
        id="status"
        role="gridcell"
        tabindex="0"
      >
        <div
          class="_headerCellContent_36693c"
        >
          <div
            class="_headerText_36693c"
          >
            Status
          </div>
          <i
            class="_gripIcon_36693c"
          >
            <svg
              aria-hidden="true"
              fill="currentColor"
              viewBox="0 0 12 16"
            >
              <circle
                cx="4"
                cy="3"
                r="1.2"
              />
              <circle
                cx="8"
                cy="3"
                r="1.2"
              />
              <circle
                cx="4"
                cy="8"
                r="1.2"
              />
              <circle
                cx="8"
                cy="8"
                r="1.2"
              />
              <circle
                cx="4"
                cy="13"
                r="1.2"
              />
              <circle
                cx="8"
                cy="13"
                r="1.2"
              />
            </svg>
          </i>
        </div>
        <div
          aria-label="Resize column"
          aria-orientation="vertical"
          class="_resizeHandle_36693c"
          role="separator"
        >
          <div
            class="_line_36693c"
          />
        </div>
      </div>
    </div>
    <div
      aria-hidden="false"
      class="_row_15bc92  "
      id="row_0"
      role="row"
      tabindex="0"
    >
      <div
        aria-hidden="false"
        class="_cell_ebcdbb"
        id="row_0_cell_0"
        role="gridcell"
        style=""
      >
        <div
          class="_cellContent_ebcdbb"
        >
          <a
            href="#"
          >
            5
          </a>
        </div>
      </div>
      <div
        aria-hidden="false"
        class="_cell_ebcdbb"
        id="row_0_cell_1"
        role="gridcell"
        style=""
      >
        <div
          class="_cellContent_ebcdbb"
        >
          Jack
        </div>
      </div>
      <div
        aria-hidden="false"
        class="_cell_ebcdbb _isLast_ebcdbb"
        id="row_0_cell_2"
        role="gridcell"
        style=""
      >
        <div
          class="_cellContent_ebcdbb"
        >
          active
        </div>
      </div>
    </div>
    <div
      aria-hidden="false"
      class="_row_15bc92  "
      id="row_1"
      role="row"
      tabindex="0"
    >
      <div
        aria-hidden="false"
        class="_cell_ebcdbb"
        id="row_1_cell_0"
        role="gridcell"
        style=""
      >
        <div
          class="_cellContent_ebcdbb"
        >
          <a
            href="#"
          >
            4
          </a>
        </div>
      </div>
      <div
        aria-hidden="false"
        class="_cell_ebcdbb"
        id="row_1_cell_1"
        role="gridcell"
        style=""
      >
        <div
          class="_cellContent_ebcdbb"
        >
          Zed
        </div>
      </div>
      <div
        aria-hidden="false"
        class="_cell_ebcdbb _isLast_ebcdbb"
        id="row_1_cell_2"
        role="gridcell"
        style=""
      >
        <div
          class="_cellContent_ebcdbb"
        >
          active
        </div>
      </div>
    </div>
    <div
      aria-hidden="false"
      class="_row_15bc92  "
      id="row_2"
      role="row"
      tabindex="0"
    >
      <div
        aria-hidden="false"
        class="_cell_ebcdbb"
        id="row_2_cell_0"
        role="gridcell"
        style=""
      >
        <div
          class="_cellContent_ebcdbb"
        >
          <a
            href="#"
          >
            2
          </a>
        </div>
      </div>
      <div
        aria-hidden="false"
        class="_cell_ebcdbb"
        id="row_2_cell_1"
        role="gridcell"
        style=""
      >
        <div
          class="_cellContent_ebcdbb"
        >
          Jane
        </div>
      </div>
      <div
        aria-hidden="false"
        class="_cell_ebcdbb _isLast_ebcdbb"
        id="row_2_cell_2"
        role="gridcell"
        style=""
      >
        <div
          class="_cellContent_ebcdbb"
        >
          inactive
        </div>
      </div>
    </div>
    <div
      aria-hidden="false"
      class="_row_15bc92  "
      id="row_3"
      role="row"
      tabindex="0"
    >
      <div
        aria-hidden="false"
        class="_cell_ebcdbb"
        id="row_3_cell_0"
        role="gridcell"
        style=""
      >
        <div
          class="_cellContent_ebcdbb"
        >
          <a
            href="#"
          >
            3
          </a>
        </div>
      </div>
      <div
        aria-hidden="false"
        class="_cell_ebcdbb"
        id="row_3_cell_1"
        role="gridcell"
        style=""
      >
        <div
          class="_cellContent_ebcdbb"
        >
          Mike
        </div>
      </div>
      <div
        aria-hidden="false"
        class="_cell_ebcdbb _isLast_ebcdbb"
        id="row_3_cell_2"
        role="gridcell"
        style=""
      >
        <div
          class="_cellContent_ebcdbb"
        >
          active
        </div>
      </div>
    </div>
    <div
      aria-hidden="false"
      class="_row_15bc92  "
      id="row_4"
      role="row"
      tabindex="0"
    >
      <div
        aria-hidden="false"
        class="_cell_ebcdbb"
        id="row_4_cell_0"
        role="gridcell"
        style=""
      >
        <div
          class="_cellContent_ebcdbb"
        >
          <a
            href="#"
          >
            1
          </a>
        </div>
      </div>
      <div
        aria-hidden="false"
        class="_cell_ebcdbb"
        id="row_4_cell_1"
        role="gridcell"
        style=""
      >
        <div
          class="_cellContent_ebcdbb"
        >
          Arnold
        </div>
      </div>
      <div
        aria-hidden="false"
        class="_cell_ebcdbb _isLast_ebcdbb"
        id="row_4_cell_2"
        role="gridcell"
        style=""
      >
        <div
          class="_cellContent_ebcdbb"
        >
          inactive
        </div>
      </div>
    </div>
    <div
      aria-hidden="false"
      class="_row_15bc92  "
      id="row_5"
      role="row"
      tabindex="0"
    >
      <div
        aria-hidden="false"
        class="_cell_ebcdbb"
        id="row_5_cell_0"
        role="gridcell"
        style=""
      >
        <div
          class="_cellContent_ebcdbb"
        >
          <a
            href="#"
          >
            6
          </a>
        </div>
      </div>
      <div
        aria-hidden="false"
        class="_cell_ebcdbb"
        id="row_5_cell_1"
        role="gridcell"
        style=""
      >
        <div
          class="_cellContent_ebcdbb"
        >
          Arnold
        </div>
      </div>
      <div
        aria-hidden="false"
        class="_cell_ebcdbb _isLast_ebcdbb"
        id="row_5_cell_2"
        role="gridcell"
        style=""
      >
        <div
          class="_cellContent_ebcdbb"
        >
          active
        </div>
      </div>
    </div>
  </div>
</div>
`;

exports[`<DataGrid /> > when valid \`headers\` and \`rows\` are defined > should render correctly 1`] = `
<div>
  <div
    class="_dataGrid_6965d8"
  >
    <div
      class="_header_b336b1"
    >
      <div
        aria-hidden="false"
        class="_headerCell_36693c"
        draggable="true"
        id="id"
        role="gridcell"
        tabindex="0"
      >
        <div
          class="_headerCellContent_36693c"
        >
          <div
            class="_headerText_36693c"
          >
            Id
          </div>
          <i
            class="_gripIcon_36693c"
          >
            <svg
              aria-hidden="true"
              fill="currentColor"
              viewBox="0 0 12 16"
            >
              <circle
                cx="4"
                cy="3"
                r="1.2"
              />
              <circle
                cx="8"
                cy="3"
                r="1.2"
              />
              <circle
                cx="4"
                cy="8"
                r="1.2"
              />
              <circle
                cx="8"
                cy="8"
                r="1.2"
              />
              <circle
                cx="4"
                cy="13"
                r="1.2"
              />
              <circle
                cx="8"
                cy="13"
                r="1.2"
              />
            </svg>
          </i>
        </div>
        <div
          aria-label="Resize column"
          aria-orientation="vertical"
          class="_resizeHandle_36693c"
          role="separator"
        >
          <div
            class="_line_36693c"
          />
        </div>
      </div>
      <div
        aria-hidden="false"
        class="_headerCell_36693c"
        draggable="true"
        id="name"
        role="gridcell"
        tabindex="0"
      >
        <div
          class="_headerCellContent_36693c"
        >
          <div
            class="_headerText_36693c"
          >
            Name
          </div>
          <i
            class="_gripIcon_36693c"
          >
            <svg
              aria-hidden="true"
              fill="currentColor"
              viewBox="0 0 12 16"
            >
              <circle
                cx="4"
                cy="3"
                r="1.2"
              />
              <circle
                cx="8"
                cy="3"
                r="1.2"
              />
              <circle
                cx="4"
                cy="8"
                r="1.2"
              />
              <circle
                cx="8"
                cy="8"
                r="1.2"
              />
              <circle
                cx="4"
                cy="13"
                r="1.2"
              />
              <circle
                cx="8"
                cy="13"
                r="1.2"
              />
            </svg>
          </i>
        </div>
        <div
          aria-label="Resize column"
          aria-orientation="vertical"
          class="_resizeHandle_36693c"
          role="separator"
        >
          <div
            class="_line_36693c"
          />
        </div>
      </div>
      <div
        aria-hidden="false"
        class="_headerCell_36693c"
        draggable="true"
        id="status"
        role="gridcell"
        tabindex="0"
      >
        <div
          class="_headerCellContent_36693c"
        >
          <div
            class="_headerText_36693c"
          >
            Status
          </div>
          <i
            class="_gripIcon_36693c"
          >
            <svg
              aria-hidden="true"
              fill="currentColor"
              viewBox="0 0 12 16"
            >
              <circle
                cx="4"
                cy="3"
                r="1.2"
              />
              <circle
                cx="8"
                cy="3"
                r="1.2"
              />
              <circle
                cx="4"
                cy="8"
                r="1.2"
              />
              <circle
                cx="8"
                cy="8"
                r="1.2"
              />
              <circle
                cx="4"
                cy="13"
                r="1.2"
              />
              <circle
                cx="8"
                cy="13"
                r="1.2"
              />
            </svg>
          </i>
        </div>
        <div
          aria-label="Resize column"
          aria-orientation="vertical"
          class="_resizeHandle_36693c"
          role="separator"
        >
          <div
            class="_line_36693c"
          />
        </div>
      </div>
    </div>
    <div
      aria-hidden="false"
      class="_row_15bc92  "
      id="row_0"
      role="row"
      tabindex="0"
    >
      <div
        aria-hidden="false"
        class="_cell_ebcdbb"
        id="row_0_cell_0"
        role="gridcell"
        style=""
      >
        <div
          class="_cellContent_ebcdbb"
        >
          5
        </div>
      </div>
      <div
        aria-hidden="false"
        class="_cell_ebcdbb"
        id="row_0_cell_1"
        role="gridcell"
        style=""
      >
        <div
          class="_cellContent_ebcdbb"
        >
          Jack
        </div>
      </div>
      <div
        aria-hidden="false"
        class="_cell_ebcdbb _isLast_ebcdbb"
        id="row_0_cell_2"
        role="gridcell"
        style=""
      >
        <div
          class="_cellContent_ebcdbb"
        >
          active
        </div>
      </div>
    </div>
    <div
      aria-hidden="false"
      class="_row_15bc92  "
      id="row_1"
      role="row"
      tabindex="0"
    >
      <div
        aria-hidden="false"
        class="_cell_ebcdbb"
        id="row_1_cell_0"
        role="gridcell"
        style=""
      >
        <div
          class="_cellContent_ebcdbb"
        >
          4
        </div>
      </div>
      <div
        aria-hidden="false"
        class="_cell_ebcdbb"
        id="row_1_cell_1"
        role="gridcell"
        style=""
      >
        <div
          class="_cellContent_ebcdbb"
        >
          Zed
        </div>
      </div>
      <div
        aria-hidden="false"
        class="_cell_ebcdbb _isLast_ebcdbb"
        id="row_1_cell_2"
        role="gridcell"
        style=""
      >
        <div
          class="_cellContent_ebcdbb"
        >
          active
        </div>
      </div>
    </div>
    <div
      aria-hidden="false"
      class="_row_15bc92  "
      id="row_2"
      role="row"
      tabindex="0"
    >
      <div
        aria-hidden="false"
        class="_cell_ebcdbb"
        id="row_2_cell_0"
        role="gridcell"
        style=""
      >
        <div
          class="_cellContent_ebcdbb"
        >
          2
        </div>
      </div>
      <div
        aria-hidden="false"
        class="_cell_ebcdbb"
        id="row_2_cell_1"
        role="gridcell"
        style=""
      >
        <div
          class="_cellContent_ebcdbb"
        >
          Jane
        </div>
      </div>
      <div
        aria-hidden="false"
        class="_cell_ebcdbb _isLast_ebcdbb"
        id="row_2_cell_2"
        role="gridcell"
        style=""
      >
        <div
          class="_cellContent_ebcdbb"
        >
          inactive
        </div>
      </div>
    </div>
    <div
      aria-hidden="false"
      class="_row_15bc92  "
      id="row_3"
      role="row"
      tabindex="0"
    >
      <div
        aria-hidden="false"
        class="_cell_ebcdbb"
        id="row_3_cell_0"
        role="gridcell"
        style=""
      >
        <div
          class="_cellContent_ebcdbb"
        >
          3
        </div>
      </div>
      <div
        aria-hidden="false"
        class="_cell_ebcdbb"
        id="row_3_cell_1"
        role="gridcell"
        style=""
      >
        <div
          class="_cellContent_ebcdbb"
        >
          Mike
        </div>
      </div>
      <div
        aria-hidden="false"
        class="_cell_ebcdbb _isLast_ebcdbb"
        id="row_3_cell_2"
        role="gridcell"
        style=""
      >
        <div
          class="_cellContent_ebcdbb"
        >
          active
        </div>
      </div>
    </div>
    <div
      aria-hidden="false"
      class="_row_15bc92  "
      id="row_4"
      role="row"
      tabindex="0"
    >
      <div
        aria-hidden="false"
        class="_cell_ebcdbb"
        id="row_4_cell_0"
        role="gridcell"
        style=""
      >
        <div
          class="_cellContent_ebcdbb"
        >
          1
        </div>
      </div>
      <div
        aria-hidden="false"
        class="_cell_ebcdbb"
        id="row_4_cell_1"
        role="gridcell"
        style=""
      >
        <div
          class="_cellContent_ebcdbb"
        >
          Arnold
        </div>
      </div>
      <div
        aria-hidden="false"
        class="_cell_ebcdbb _isLast_ebcdbb"
        id="row_4_cell_2"
        role="gridcell"
        style=""
      >
        <div
          class="_cellContent_ebcdbb"
        >
          inactive
        </div>
      </div>
    </div>
    <div
      aria-hidden="false"
      class="_row_15bc92  "
      id="row_5"
      role="row"
      tabindex="0"
    >
      <div
        aria-hidden="false"
        class="_cell_ebcdbb"
        id="row_5_cell_0"
        role="gridcell"
        style=""
      >
        <div
          class="_cellContent_ebcdbb"
        >
          6
        </div>
      </div>
      <div
        aria-hidden="false"
        class="_cell_ebcdbb"
        id="row_5_cell_1"
        role="gridcell"
        style=""
      >
        <div
          class="_cellContent_ebcdbb"
        >
          Arnold
        </div>
      </div>
      <div
        aria-hidden="false"
        class="_cell_ebcdbb _isLast_ebcdbb"
        id="row_5_cell_2"
        role="gridcell"
        style=""
      >
        <div
          class="_cellContent_ebcdbb"
        >
          active
        </div>
      </div>
    </div>
  </div>
</div>
`;
