// Vitest Snapshot v1, https://vitest.dev/guide/snapshot.html

exports[`<PasswordField /> > should render correctly 1`] = `
<div>
  <div
    class="_passwordFieldContainer_bc696c"
  >
    <input
      autocomplete="new-password"
      class="_passwordField_bc696c _size-md_bc696c"
      placeholder=""
      type="password"
      value=""
    />
    <i
      aria-label="Show password"
      class="_icon_bc696c"
      role="button"
      tabindex="0"
    >
      <svg
        aria-hidden="true"
        fill="none"
        stroke="currentColor"
        stroke-linecap="round"
        stroke-linejoin="round"
        stroke-width="1.5"
        viewBox="0 0 24 24"
      >
        <path
          d="M2 12s3.5-7 10-7 10 7 10 7-3.5 7-10 7S2 12 2 12Z"
        />
        <circle
          cx="12"
          cy="12"
          r="3"
        />
      </svg>
    </i>
  </div>
</div>
`;
